Тестируем как мы будем убирать двойные пробелы и даже тройные
